00:00 +0: loading C:/Users/faruk/Projects/Burdaa_vibecoded_versions/burdaa_vibe_v1/test/database_test.dart
00:00 +0: (setUpAll)
00:00 +0: Database schema creation and CRUD
TEST FAILED WITH ERROR: SqfliteFfiException(sqlite_error: 1, , SqliteException(1): while preparing statement, table courses has no column named startDate, SQL logic error (code 1)
  Causing statement: INSERT INTO courses (id, title, location, dayOfWeek, startTime, endTime, startDate, endDate, frequency, interval, createdAt, updatedAt) VALUES (?, ?, ?, ?, ?, ?, ?, ?, ?, ?, ?, ?)}) DatabaseException(SqliteException(1): while preparing statement, table courses has no column named startDate, SQL logic error (code 1)
  Causing statement: INSERT INTO courses (id, title, location, dayOfWeek, startTime, endTime, startDate, endDate, frequency, interval, createdAt, updatedAt) VALUES (?, ?, ?, ?, ?, ?, ?, ?, ?, ?, ?, ?)) sql 'INSERT INTO courses (id, title, location, dayOfWeek, startTime, endTime, startDate, endDate, frequency, interval, createdAt, updatedAt) VALUES (?, ?, ?, ?, ?, ?, ?, ?, ?, ?, ?, ?)' args [course_1, Mathematics, Room 101, 1, 10:00, 11:00, 2026-02-09T00:03:32.687682, 2026-05-10T00:03:32.687682, 31, 1, 2026-02-09T00:03:32.688698, 2026-02-09T00:03:32.688698] {details: {database: {path: :memory:, id: 1, readOnly: false, singleInstance: false}}}
#0      responseToResultOrThrow (package:sqflite_common_ffi/src/method_call.dart:125:9)
#1      SqfliteIsolate.handle (package:sqflite_common_ffi/src/isolate.dart:35:12)
<asynchronous suspension>
#2      _isolateHandle (package:sqflite_common_ffi/src/database_factory_ffi_io.dart:106:10)
<asynchronous suspension>
#3      ffiMethodCallhandleInIsolate (package:sqflite_common_ffi/src/database_factory_ffi_io.dart:59:18)
<asynchronous suspension>
#4      _SqfliteDatabaseFactoryImpl.invokeMethod (package:sqflite_common/src/mixin/factory.dart:22:8)
<asynchronous suspension>
#5      SqfliteDatabaseMixin.txnRawInsert.<anonymous closure> (package:sqflite_common/src/database_mixin.dart:663:14)
<asynchronous suspension>
#6      BasicLock.synchronized (package:synchronized/src/basic_lock.dart:38:16)
<asynchronous suspension>
#7      SqfliteDatabaseMixin.txnSynchronized (package:sqflite_common/src/database_mixin.dart:589:14)
<asynchronous suspension>
#8      main.<anonymous closure> (file:///C:/Users/faruk/Projects/Burdaa_vibecoded_versions/burdaa_vibe_v1/test/database_test.dart:53:7)
<asynchronous suspension>
#9      Declarer.test.<anonymous closure>.<anonymous closure> (package:test_api/src/backend/declarer.dart:242:9)
<asynchronous suspension>
#10     Declarer.test.<anonymous closure> (package:test_api/src/backend/declarer.dart:240:7)
<asynchronous suspension>
#11     Invoker._waitForOutstandingCallbacks.<anonymous closure> (package:test_api/src/backend/invoker.dart:282:9)
<asynchronous suspension>

00:00 +0 -1: Database schema creation and CRUD [E]
  SqfliteFfiException(sqlite_error: 1, , SqliteException(1): while preparing statement, table courses has no column named startDate, SQL logic error (code 1)
    Causing statement: INSERT INTO courses (id, title, location, dayOfWeek, startTime, endTime, startDate, endDate, frequency, interval, createdAt, updatedAt) VALUES (?, ?, ?, ?, ?, ?, ?, ?, ?, ?, ?, ?)}) DatabaseException(SqliteException(1): while preparing statement, table courses has no column named startDate, SQL logic error (code 1)
    Causing statement: INSERT INTO courses (id, title, location, dayOfWeek, startTime, endTime, startDate, endDate, frequency, interval, createdAt, updatedAt) VALUES (?, ?, ?, ?, ?, ?, ?, ?, ?, ?, ?, ?)) sql 'INSERT INTO courses (id, title, location, dayOfWeek, startTime, endTime, startDate, endDate, frequency, interval, createdAt, updatedAt) VALUES (?, ?, ?, ?, ?, ?, ?, ?, ?, ?, ?, ?)' args [course_1, Mathematics, Room 101, 1, 10:00, 11:00, 2026-02-09T00:03:32.687682, 2026-05-10T00:03:32.687682, 31, 1, 2026-02-09T00:03:32.688698, 2026-02-09T00:03:32.688698] {details: {database: {path: :memory:, id: 1, readOnly: false, singleInstance: false}}}
  package:sqflite_common_ffi/src/method_call.dart 125:9  responseToResultOrThrow
  package:sqflite_common_ffi/src/isolate.dart 35:12      SqfliteIsolate.handle
  
00:00 +0 -1: (tearDownAll)
00:00 +0 -1: Some tests failed.
